// Vitest Snapshot v1, https://vitest.dev/guide/snapshot.html

exports[`Renders main page correctly > Should render the page correctly 1`] = `
{
  "asFragment": [Function],
  "baseElement": <body>
    <div>
      <div
        class="flex flex-col h-screen p-7 bg-slate-50 text-sm justify-center"
      >
        <div
          class="flex flex-col overflow-hidden"
        >
          <div
            class="flex flex-grow items-center justify-center"
          >
            <svg
              aria-hidden="true"
              aria-label="spinner"
              class="custom-spinner max-md:w-16 max-md:h-16 w-40 h-40 text-gray-200 animate-spin dark:text-gray-600 fill-gray-600"
              fill="currentColor"
              height="24"
              viewBox="0 0 100 101"
              width="24"
              xmlns="http://www.w3.org/2000/svg"
            >
              <path
                d="M100 50.59c0 27.615-22.386 50.001-50 50.001s-50-22.386-50-50 22.386-50 50-50 50 22.386 50 50m-90.919 0c0 22.6 18.32 40.92 40.919 40.92s40.919-18.32 40.919-40.92c0-22.598-18.32-40.918-40.919-40.918S9.081 27.992 9.081 50.591"
                fill="currentColor"
              />
              <path
                d="M93.968 39.04c2.425-.636 3.894-3.128 3.04-5.486A50 50 0 0 0 41.735 1.279c-2.474.414-3.922 2.919-3.285 5.344s3.12 3.849 5.6 3.484a40.916 40.916 0 0 1 44.131 25.769c.902 2.34 3.361 3.802 5.787 3.165"
                fill="currentFill"
              />
            </svg>
          </div>
        </div>
      </div>
    </div>
  </body>,
  "container": <div>
    <div
      class="flex flex-col h-screen p-7 bg-slate-50 text-sm justify-center"
    >
      <div
        class="flex flex-col overflow-hidden"
      >
        <div
          class="flex flex-grow items-center justify-center"
        >
          <svg
            aria-hidden="true"
            aria-label="spinner"
            class="custom-spinner max-md:w-16 max-md:h-16 w-40 h-40 text-gray-200 animate-spin dark:text-gray-600 fill-gray-600"
            fill="currentColor"
            height="24"
            viewBox="0 0 100 101"
            width="24"
            xmlns="http://www.w3.org/2000/svg"
          >
            <path
              d="M100 50.59c0 27.615-22.386 50.001-50 50.001s-50-22.386-50-50 22.386-50 50-50 50 22.386 50 50m-90.919 0c0 22.6 18.32 40.92 40.919 40.92s40.919-18.32 40.919-40.92c0-22.598-18.32-40.918-40.919-40.918S9.081 27.992 9.081 50.591"
              fill="currentColor"
            />
            <path
              d="M93.968 39.04c2.425-.636 3.894-3.128 3.04-5.486A50 50 0 0 0 41.735 1.279c-2.474.414-3.922 2.919-3.285 5.344s3.12 3.849 5.6 3.484a40.916 40.916 0 0 1 44.131 25.769c.902 2.34 3.361 3.802 5.787 3.165"
              fill="currentFill"
            />
          </svg>
        </div>
      </div>
    </div>
  </div>,
  "debug": [Function],
  "findAllByAltText": [Function],
  "findAllByDisplayValue": [Function],
  "findAllByLabelText": [Function],
  "findAllByPlaceholderText": [Function],
  "findAllByRole": [Function],
  "findAllByTestId": [Function],
  "findAllByText": [Function],
  "findAllByTitle": [Function],
  "findByAltText": [Function],
  "findByDisplayValue": [Function],
  "findByLabelText": [Function],
  "findByPlaceholderText": [Function],
  "findByRole": [Function],
  "findByTestId": [Function],
  "findByText": [Function],
  "findByTitle": [Function],
  "getAllByAltText": [Function],
  "getAllByDisplayValue": [Function],
  "getAllByLabelText": [Function],
  "getAllByPlaceholderText": [Function],
  "getAllByRole": [Function],
  "getAllByTestId": [Function],
  "getAllByText": [Function],
  "getAllByTitle": [Function],
  "getByAltText": [Function],
  "getByDisplayValue": [Function],
  "getByLabelText": [Function],
  "getByPlaceholderText": [Function],
  "getByRole": [Function],
  "getByTestId": [Function],
  "getByText": [Function],
  "getByTitle": [Function],
  "queryAllByAltText": [Function],
  "queryAllByDisplayValue": [Function],
  "queryAllByLabelText": [Function],
  "queryAllByPlaceholderText": [Function],
  "queryAllByRole": [Function],
  "queryAllByTestId": [Function],
  "queryAllByText": [Function],
  "queryAllByTitle": [Function],
  "queryByAltText": [Function],
  "queryByDisplayValue": [Function],
  "queryByLabelText": [Function],
  "queryByPlaceholderText": [Function],
  "queryByRole": [Function],
  "queryByTestId": [Function],
  "queryByText": [Function],
  "queryByTitle": [Function],
  "rerender": [Function],
  "unmount": [Function],
}
`;
